// Jest Snapshot v1, https://goo.gl/fbAQLP

exports[`Pruebas en el componente CounterApp Mostrar correctamente <CounterApp /> con valores por defecto 1`] = `
<Fragment>
  <h1>
    Wellcome to first CounterApp
  </h1>
  <h2>
    3000
  </h2>
  <button
    onClick={[Function]}
  >
    +1
  </button>
  <button
    onClick={[Function]}
  >
    Reset
  </button>
  <button
    onClick={[Function]}
  >
    -1
  </button>
</Fragment>
`;
